[localhost_8000/index.html]
[backblue.gif]
[fade.gif]
[index.html]
[localhost_8000/index.html]
[localhost_8000/wp-content/plugins/sitepress-multilingual-cms/res/css/language-selector9ea4.css]
[localhost_8000/xmlrpc.php]
[localhost_8000/wp-content/plugins/sitepress-multilingual-cms/res/css/language-selector9ea4.css]
[localhost_8000/feed/index.html]
[localhost_8000/comments/feed/index.html]
[localhost_8000/wp-content/plugins/wpclef/assets/dist/css/main.mindeb5.css]
[localhost_8000/wp-content/themes/twentyfifteen/genericons/genericonscf1b.css]
[localhost_8000/about-us/feed/index.html]
[localhost_8000/wp-content/plugins/wpclef/assets/dist/css/main.mindeb5.css]
[localhost_8000/wp-content/themes/prosperus/style0235.css]
[localhost_8000/wp-content/themes/twentyfifteen/genericons/genericonscf1b.css]
[localhost_8000/wp-includes/js/jquery/jquery90f9.js]
[localhost_8000/wp-content/themes/prosperus/style0235.css]
[localhost_8000/wp-includes/js/jquery/jquery-migrate.min1576.js]
[localhost_8000/wp-content/plugins/sitepress-multilingual-cms/res/js/jquery.cookie6e3d.js]
[localhost_8000/wp-content/plugins/sitepress-multilingual-cms/res/js/browser-redirect6e3d.js]
[localhost_8000/xmlrpc0db0.php]
[localhost_8000/wp-includes/wlwmanifest.xml]
[localhost_8000/ru/index.html]
[localhost_8000/wp-content/uploads/2015/02/tal11.png]
[localhost_8000/ru/index.html]
[localhost_8000/wp-content/uploads/2015/02/fon1.png]
[localhost_8000/projects/index.html]
[localhost_8000/projects/index.html]
[localhost_8000/services/index.html]
[localhost_8000/services/index.html]
[localhost_8000/partners/index.html]
[localhost_8000/contact/index.html]
[localhost_8000/wp-content/uploads/2015/02/office1.png]
[localhost_8000/partners/index.html]
[localhost_8000/contact/index.html]
[localhost_8000/wp-content/plugins/sitepress-multilingual-cms/res/js/sitepress0235.js]
[localhost_8000/wp-content/themes/twentyfifteen/js/skip-link-focus-fixd01e.js]
[localhost_8000/wp-content/themes/twentyfifteen/js/functionsd7c8.js]
[localhost_8000/wp-content/plugins/sitepress-multilingual-cms/res/img/nav-arrow-down.png]
[localhost_8000/wp-content/themes/twentyfifteen/genericons/Genericons.eot]
[localhost_8000/wp-content/themes/twentyfifteen/genericons/Genericons.ttf]
[localhost_8000/wp-content/themes/twentyfifteen/genericons/Genericons.svg]
[localhost_8000/wp-content/themes/twentyfifteen/style.css]
[localhost_8000/wp-content/themes/twentyfifteen/style.css]
[localhost_8000/ru/comments/feed/index.html]
[localhost_8000/ru/feed/index.html]
[localhost_8000/о-нас/feed/index.html]
[localhost_8000/wp-content/uploads/2015/02/sea11.png]
[localhost_8000/ru/проекты/index.html]
[localhost_8000/ru/проекты/index.html]
[localhost_8000/ru/партнеры/index.html]
[localhost_8000/ru/услуги/index.html]
[localhost_8000/wp-content/uploads/2015/02/office2.png]
[localhost_8000/ru/услуги/index.html]
[localhost_8000/ru/партнеры/index.html]
[localhost_8000/ru/контакт/index.html]
[localhost_8000/wp-content/uploads/2015/02/build3-1024x396.png]
[localhost_8000/ru/контакт/index.html]
[localhost_8000/projects/feed/index.html]
[localhost_8000/index0e62.html]
[localhost_8000/wp-content/uploads/2015/02/tal22.png]
[localhost_8000/wp-content/uploads/2015/02/stocks3-1024x431.png]
[localhost_8000/services/feed/index.html]
[localhost_8000/index678b.html]
[localhost_8000/wp-content/uploads/2015/02/paperclips.jpg]
[localhost_8000/indexe6f0.html]
[localhost_8000/wp-content/uploads/2015/02/mesto-1024x319.png]
[localhost_8000/index341b.html]
[localhost_8000/ru/проекты/feed/index.html]
[localhost_8000/wp-content/uploads/2015/02/invest1-1024x402.jpg]
[localhost_8000/index0b69.html]
[localhost_8000/wp-content/uploads/2015/02/build2-1024x384.jpg]
[localhost_8000/ru/услуги/feed/index.html]
[localhost_8000/index64b4.html]
[localhost_8000/wp-content/uploads/2015/02/collaboration1-1024x416.png]
[localhost_8000/index198a.html]
[localhost_8000/index0735.html]
